// Jest Snapshot v1, https://goo.gl/fbAQLP

exports[`App component renders App 1`] = `
<Fragment>
  <h1>
    Github Viewer
  </h1>
  <Main />
</Fragment>
`;
